monitor_start_utc=2026-09-20T21:40:04Z server_pid=3980915 sample_seconds=1 profile=default latency_watchdog_pid=0 kernel_hazard_watchdog_pid=3986476 guard_affinity=1 guard_nice=0
threshold_mem_available_kib=4194304 threshold_swapin_bytes_per_sample=67108864 swapin_headroom_mem_available_kib=6291456 report_temperature_millicelsius=90000
threshold_maximum_gpu_busy_percent=100 enforcement=terminate_on_sample_above_threshold
sample_utc=2026-09-20T21:40:04Z affinity=0-11 nice=0 rss_kib=263884 peak_rss_kib=3178188 mem_available_kib=10104284 swapin_bytes=0 max_temp_millicelsius=78500 gpu_busy_percent=100 gtt_used_bytes=unavailable vram_used_bytes=8032092160 sclk=2625 mclk=10251
sample_utc=2026-09-20T21:40:06Z affinity=0-11 nice=0 rss_kib=309312 peak_rss_kib=3178188 mem_available_kib=9956400 swapin_bytes=96063488 max_temp_millicelsius=78250 gpu_busy_percent=10 gtt_used_bytes=unavailable vram_used_bytes=8038383616 sclk=2835 mclk=10251
swapin_report_utc=2026-09-20T21:40:06Z swapin_bytes=96063488 threshold_bytes=67108864 mem_available_kib=9956400 headroom_kib=6291456 action=observe
sample_utc=2026-09-20T21:40:07Z affinity=0-11 nice=0 rss_kib=311280 peak_rss_kib=3178188 mem_available_kib=9922612 swapin_bytes=18333696 max_temp_millicelsius=78125 gpu_busy_percent=98 gtt_used_bytes=unavailable vram_used_bytes=8038383616 sclk=2835 mclk=10251
sample_utc=2026-09-20T21:40:08Z affinity=0-11 nice=0 rss_kib=311444 peak_rss_kib=3178188 mem_available_kib=9762028 swapin_bytes=108892160 max_temp_millicelsius=78250 gpu_busy_percent=98 gtt_used_bytes=unavailable vram_used_bytes=8038383616 sclk=2835 mclk=10251
sample_utc=2026-09-20T21:40:09Z affinity=0-11 nice=0 rss_kib=311600 peak_rss_kib=3178188 mem_available_kib=9593740 swapin_bytes=17723392 max_temp_millicelsius=79250 gpu_busy_percent=98 gtt_used_bytes=unavailable vram_used_bytes=8032092160 sclk=2835 mclk=10251
sample_utc=2026-09-20T21:40:10Z affinity=0-11 nice=0 rss_kib=311700 peak_rss_kib=3178188 mem_available_kib=9518308 swapin_bytes=3932160 max_temp_millicelsius=79125 gpu_busy_percent=98 gtt_used_bytes=unavailable vram_used_bytes=8032092160 sclk=2835 mclk=10251
sample_utc=2026-09-20T21:40:11Z affinity=0-11 nice=0 rss_kib=313168 peak_rss_kib=3178188 mem_available_kib=9404872 swapin_bytes=5947392 max_temp_millicelsius=79375 gpu_busy_percent=100 gtt_used_bytes=unavailable vram_used_bytes=8032092160 sclk=2820 mclk=10251
sample_utc=2026-09-20T21:40:12Z affinity=0-11 nice=0 rss_kib=313216 peak_rss_kib=3178188 mem_available_kib=9320364 swapin_bytes=34217984 max_temp_millicelsius=79500 gpu_busy_percent=98 gtt_used_bytes=unavailable vram_used_bytes=8032092160 sclk=2835 mclk=10251
sample_utc=2026-09-20T21:40:13Z affinity=0-11 nice=0 rss_kib=313312 peak_rss_kib=3178188 mem_available_kib=9211552 swapin_bytes=2519040 max_temp_millicelsius=79750 gpu_busy_percent=99 gtt_used_bytes=unavailable vram_used_bytes=8032092160 sclk=2835 mclk=10251
sample_utc=2026-09-20T21:40:14Z affinity=0-11 nice=0 rss_kib=313392 peak_rss_kib=3178188 mem_available_kib=9024052 swapin_bytes=153571328 max_temp_millicelsius=81250 gpu_busy_percent=99 gtt_used_bytes=unavailable vram_used_bytes=8032092160 sclk=2835 mclk=10251
sample_utc=2026-09-20T21:40:16Z affinity=0-11 nice=0 rss_kib=315952 peak_rss_kib=3178188 mem_available_kib=9334804 swapin_bytes=38260736 max_temp_millicelsius=79875 gpu_busy_percent=67 gtt_used_bytes=unavailable vram_used_bytes=8032092160 sclk=2835 mclk=10251
sample_utc=2026-09-20T21:40:17Z affinity=0-11 nice=0 rss_kib=315976 peak_rss_kib=3178188 mem_available_kib=9346212 swapin_bytes=10825728 max_temp_millicelsius=79875 gpu_busy_percent=98 gtt_used_bytes=unavailable vram_used_bytes=8032092160 sclk=2835 mclk=10251
sample_utc=2026-09-20T21:40:18Z affinity=0-11 nice=0 rss_kib=315984 peak_rss_kib=3178188 mem_available_kib=9364684 swapin_bytes=4935680 max_temp_millicelsius=79500 gpu_busy_percent=98 gtt_used_bytes=unavailable vram_used_bytes=8032092160 sclk=2835 mclk=10251
sample_utc=2026-09-20T21:40:19Z affinity=0-11 nice=0 rss_kib=315996 peak_rss_kib=3178188 mem_available_kib=9342188 swapin_bytes=82534400 max_temp_millicelsius=79500 gpu_busy_percent=98 gtt_used_bytes=unavailable vram_used_bytes=8032092160 sclk=2835 mclk=10251
sample_utc=2026-09-20T21:40:20Z affinity=0-11 nice=0 rss_kib=316016 peak_rss_kib=3178188 mem_available_kib=9337460 swapin_bytes=21282816 max_temp_millicelsius=79250 gpu_busy_percent=98 gtt_used_bytes=unavailable vram_used_bytes=8032092160 sclk=2835 mclk=10251
sample_utc=2026-09-20T21:40:21Z affinity=0-11 nice=0 rss_kib=316028 peak_rss_kib=3178188 mem_available_kib=9328436 swapin_bytes=22360064 max_temp_millicelsius=79125 gpu_busy_percent=98 gtt_used_bytes=unavailable vram_used_bytes=8032092160 sclk=2835 mclk=10251
sample_utc=2026-09-20T21:40:22Z affinity=0-11 nice=0 rss_kib=316040 peak_rss_kib=3178188 mem_available_kib=9337072 swapin_bytes=3006464 max_temp_millicelsius=78875 gpu_busy_percent=98 gtt_used_bytes=unavailable vram_used_bytes=8032092160 sclk=2835 mclk=10251
sample_utc=2026-09-20T21:40:23Z affinity=0-11 nice=0 rss_kib=316048 peak_rss_kib=3178188 mem_available_kib=9341628 swapin_bytes=21131264 max_temp_millicelsius=78875 gpu_busy_percent=98 gtt_used_bytes=unavailable vram_used_bytes=8032092160 sclk=2835 mclk=10251
sample_utc=2026-09-20T21:40:24Z affinity=0-11 nice=0 rss_kib=316072 peak_rss_kib=3178188 mem_available_kib=9336212 swapin_bytes=4378624 max_temp_millicelsius=78625 gpu_busy_percent=98 gtt_used_bytes=unavailable vram_used_bytes=8032092160 sclk=2835 mclk=10251
sample_utc=2026-09-20T21:40:25Z affinity=0-11 nice=0 rss_kib=316088 peak_rss_kib=3178188 mem_available_kib=9336288 swapin_bytes=5533696 max_temp_millicelsius=78625 gpu_busy_percent=98 gtt_used_bytes=unavailable vram_used_bytes=8032092160 sclk=2835 mclk=10251
sample_utc=2026-09-20T21:40:27Z affinity=0-11 nice=0 rss_kib=316096 peak_rss_kib=3178188 mem_available_kib=9324412 swapin_bytes=20844544 max_temp_millicelsius=79000 gpu_busy_percent=99 gtt_used_bytes=unavailable vram_used_bytes=8038383616 sclk=2835 mclk=10251
sample_utc=2026-09-20T21:40:28Z affinity=0-11 nice=0 rss_kib=316096 peak_rss_kib=3178188 mem_available_kib=9304564 swapin_bytes=2957312 max_temp_millicelsius=78750 gpu_busy_percent=98 gtt_used_bytes=unavailable vram_used_bytes=8038383616 sclk=2835 mclk=10251
sample_utc=2026-09-20T21:40:29Z affinity=0-11 nice=0 rss_kib=316108 peak_rss_kib=3178188 mem_available_kib=9303320 swapin_bytes=2695168 max_temp_millicelsius=78875 gpu_busy_percent=98 gtt_used_bytes=unavailable vram_used_bytes=8033140736 sclk=2835 mclk=10251
sample_utc=2026-09-20T21:40:30Z affinity=0-11 nice=0 rss_kib=316116 peak_rss_kib=3178188 mem_available_kib=9206696 swapin_bytes=184397824 max_temp_millicelsius=79000 gpu_busy_percent=98 gtt_used_bytes=unavailable vram_used_bytes=8033140736 sclk=2835 mclk=10251
sample_utc=2026-09-20T21:40:31Z affinity=0-11 nice=0 rss_kib=316120 peak_rss_kib=3178188 mem_available_kib=9172720 swapin_bytes=2756608 max_temp_millicelsius=78750 gpu_busy_percent=98 gtt_used_bytes=unavailable vram_used_bytes=8033140736 sclk=2835 mclk=10251
sample_utc=2026-09-20T21:40:32Z affinity=0-11 nice=0 rss_kib=316132 peak_rss_kib=3178188 mem_available_kib=9176440 swapin_bytes=3125248 max_temp_millicelsius=78750 gpu_busy_percent=98 gtt_used_bytes=unavailable vram_used_bytes=8032092160 sclk=2835 mclk=10251
sample_utc=2026-09-20T21:40:33Z affinity=0-11 nice=0 rss_kib=316148 peak_rss_kib=3178188 mem_available_kib=9146828 swapin_bytes=3649536 max_temp_millicelsius=79250 gpu_busy_percent=98 gtt_used_bytes=unavailable vram_used_bytes=8032092160 sclk=2835 mclk=10251
sample_utc=2026-09-20T21:40:34Z affinity=0-11 nice=0 rss_kib=316164 peak_rss_kib=3178188 mem_available_kib=9147600 swapin_bytes=1073152 max_temp_millicelsius=78375 gpu_busy_percent=98 gtt_used_bytes=unavailable vram_used_bytes=8032092160 sclk=2835 mclk=10251
sample_utc=2026-09-20T21:40:35Z affinity=0-11 nice=0 rss_kib=316164 peak_rss_kib=3178188 mem_available_kib=9145400 swapin_bytes=1642496 max_temp_millicelsius=78250 gpu_busy_percent=98 gtt_used_bytes=unavailable vram_used_bytes=8032092160 sclk=2835 mclk=10251
sample_utc=2026-09-20T21:40:36Z affinity=0-11 nice=0 rss_kib=316188 peak_rss_kib=3178188 mem_available_kib=9158072 swapin_bytes=1257472 max_temp_millicelsius=79500 gpu_busy_percent=98 gtt_used_bytes=unavailable vram_used_bytes=8032092160 sclk=2835 mclk=10251
sample_utc=2026-09-20T21:40:38Z affinity=0-11 nice=0 rss_kib=316196 peak_rss_kib=3178188 mem_available_kib=9062736 swapin_bytes=17010688 max_temp_millicelsius=78250 gpu_busy_percent=98 gtt_used_bytes=unavailable vram_used_bytes=8032092160 sclk=2835 mclk=10251
sample_utc=2026-09-20T21:40:39Z affinity=0-11 nice=0 rss_kib=316196 peak_rss_kib=3178188 mem_available_kib=8995428 swapin_bytes=1404928 max_temp_millicelsius=78375 gpu_busy_percent=98 gtt_used_bytes=unavailable vram_used_bytes=8032092160 sclk=2835 mclk=10251
sample_utc=2026-09-20T21:40:40Z affinity=0-11 nice=0 rss_kib=316204 peak_rss_kib=3178188 mem_available_kib=9002576 swapin_bytes=3272704 max_temp_millicelsius=78250 gpu_busy_percent=98 gtt_used_bytes=unavailable vram_used_bytes=8032092160 sclk=2835 mclk=10251
sample_utc=2026-09-20T21:40:41Z affinity=0-11 nice=0 rss_kib=316220 peak_rss_kib=3178188 mem_available_kib=9006184 swapin_bytes=2883584 max_temp_millicelsius=79000 gpu_busy_percent=98 gtt_used_bytes=unavailable vram_used_bytes=8032092160 sclk=2835 mclk=10251
sample_utc=2026-09-20T21:40:42Z affinity=0-11 nice=0 rss_kib=316224 peak_rss_kib=3178188 mem_available_kib=9014480 swapin_bytes=434176 max_temp_millicelsius=78250 gpu_busy_percent=98 gtt_used_bytes=unavailable vram_used_bytes=8032092160 sclk=2835 mclk=10251
sample_utc=2026-09-20T21:40:43Z affinity=0-11 nice=0 rss_kib=316228 peak_rss_kib=3178188 mem_available_kib=9041624 swapin_bytes=1781760 max_temp_millicelsius=79500 gpu_busy_percent=98 gtt_used_bytes=unavailable vram_used_bytes=8032092160 sclk=2835 mclk=10251
sample_utc=2026-09-20T21:40:44Z affinity=0-11 nice=0 rss_kib=317200 peak_rss_kib=3178188 mem_available_kib=9038136 swapin_bytes=1462272 max_temp_millicelsius=78500 gpu_busy_percent=100 gtt_used_bytes=unavailable vram_used_bytes=8032092160 sclk=2820 mclk=10251
sample_utc=2026-09-20T21:40:45Z affinity=0-11 nice=0 rss_kib=317212 peak_rss_kib=3178188 mem_available_kib=9038756 swapin_bytes=2179072 max_temp_millicelsius=78500 gpu_busy_percent=98 gtt_used_bytes=unavailable vram_used_bytes=8032092160 sclk=2820 mclk=10251
sample_utc=2026-09-20T21:40:46Z affinity=0-11 nice=0 rss_kib=317228 peak_rss_kib=3178188 mem_available_kib=9033752 swapin_bytes=6373376 max_temp_millicelsius=78375 gpu_busy_percent=98 gtt_used_bytes=unavailable vram_used_bytes=8032092160 sclk=2820 mclk=10251
sample_utc=2026-09-20T21:40:47Z affinity=0-11 nice=0 rss_kib=317236 peak_rss_kib=3178188 mem_available_kib=9024604 swapin_bytes=2416640 max_temp_millicelsius=78375 gpu_busy_percent=98 gtt_used_bytes=unavailable vram_used_bytes=8032092160 sclk=2820 mclk=10251
sample_utc=2026-09-20T21:40:49Z affinity=0-11 nice=0 rss_kib=317240 peak_rss_kib=3178188 mem_available_kib=9044040 swapin_bytes=2514944 max_temp_millicelsius=80000 gpu_busy_percent=98 gtt_used_bytes=unavailable vram_used_bytes=8032092160 sclk=2820 mclk=10251
sample_utc=2026-09-20T21:40:50Z affinity=0-11 nice=0 rss_kib=317248 peak_rss_kib=3178188 mem_available_kib=9047420 swapin_bytes=1245184 max_temp_millicelsius=78375 gpu_busy_percent=98 gtt_used_bytes=unavailable vram_used_bytes=8032092160 sclk=2820 mclk=10251
sample_utc=2026-09-20T21:40:51Z affinity=0-11 nice=0 rss_kib=317260 peak_rss_kib=3178188 mem_available_kib=9044752 swapin_bytes=3104768 max_temp_millicelsius=78375 gpu_busy_percent=98 gtt_used_bytes=unavailable vram_used_bytes=8032092160 sclk=2820 mclk=10251
sample_utc=2026-09-20T21:40:52Z affinity=0-11 nice=0 rss_kib=317360 peak_rss_kib=3178188 mem_available_kib=9050212 swapin_bytes=1363968 max_temp_millicelsius=78375 gpu_busy_percent=99 gtt_used_bytes=unavailable vram_used_bytes=8032092160 sclk=2820 mclk=10251
sample_utc=2026-09-20T21:40:53Z affinity=0-11 nice=0 rss_kib=317360 peak_rss_kib=3178188 mem_available_kib=9046704 swapin_bytes=1290240 max_temp_millicelsius=78750 gpu_busy_percent=98 gtt_used_bytes=unavailable vram_used_bytes=8032092160 sclk=2820 mclk=10251
sample_utc=2026-09-20T21:40:54Z affinity=0-11 nice=0 rss_kib=317360 peak_rss_kib=3178188 mem_available_kib=9046160 swapin_bytes=1277952 max_temp_millicelsius=78250 gpu_busy_percent=98 gtt_used_bytes=unavailable vram_used_bytes=8032092160 sclk=2820 mclk=10251
sample_utc=2026-09-20T21:40:55Z affinity=0-11 nice=0 rss_kib=317360 peak_rss_kib=3178188 mem_available_kib=9044524 swapin_bytes=2162688 max_temp_millicelsius=78250 gpu_busy_percent=98 gtt_used_bytes=unavailable vram_used_bytes=8032092160 sclk=2820 mclk=10251
sample_utc=2026-09-20T21:40:56Z affinity=0-11 nice=0 rss_kib=317360 peak_rss_kib=3178188 mem_available_kib=9040112 swapin_bytes=716800 max_temp_millicelsius=78375 gpu_busy_percent=98 gtt_used_bytes=unavailable vram_used_bytes=8032092160 sclk=2820 mclk=10251
sample_utc=2026-09-20T21:40:57Z affinity=0-11 nice=0 rss_kib=317360 peak_rss_kib=3178188 mem_available_kib=9031340 swapin_bytes=4812800 max_temp_millicelsius=79000 gpu_busy_percent=98 gtt_used_bytes=unavailable vram_used_bytes=8032092160 sclk=2820 mclk=10251
sample_utc=2026-09-20T21:40:58Z affinity=0-11 nice=0 rss_kib=318168 peak_rss_kib=3178188 mem_available_kib=9005480 swapin_bytes=1658880 max_temp_millicelsius=78250 gpu_busy_percent=100 gtt_used_bytes=unavailable vram_used_bytes=8032092160 sclk=2790 mclk=10251
sample_utc=2026-09-20T21:41:00Z affinity=0-11 nice=0 rss_kib=318168 peak_rss_kib=3178188 mem_available_kib=9005896 swapin_bytes=679936 max_temp_millicelsius=78250 gpu_busy_percent=98 gtt_used_bytes=unavailable vram_used_bytes=8032092160 sclk=2820 mclk=10251
sample_utc=2026-09-20T21:41:01Z affinity=0-11 nice=0 rss_kib=318168 peak_rss_kib=3178188 mem_available_kib=8999696 swapin_bytes=7589888 max_temp_millicelsius=78250 gpu_busy_percent=98 gtt_used_bytes=unavailable vram_used_bytes=8032092160 sclk=2820 mclk=10251
sample_utc=2026-09-20T21:41:02Z affinity=0-11 nice=0 rss_kib=318176 peak_rss_kib=3178188 mem_available_kib=9009248 swapin_bytes=917504 max_temp_millicelsius=78250 gpu_busy_percent=98 gtt_used_bytes=unavailable vram_used_bytes=8032092160 sclk=2820 mclk=10251
sample_utc=2026-09-20T21:41:03Z affinity=0-11 nice=0 rss_kib=318184 peak_rss_kib=3178188 mem_available_kib=8993516 swapin_bytes=417792 max_temp_millicelsius=78250 gpu_busy_percent=98 gtt_used_bytes=unavailable vram_used_bytes=8032092160 sclk=2820 mclk=10251
sample_utc=2026-09-20T21:41:04Z affinity=0-11 nice=0 rss_kib=318188 peak_rss_kib=3178188 mem_available_kib=8984016 swapin_bytes=2584576 max_temp_millicelsius=78250 gpu_busy_percent=98 gtt_used_bytes=unavailable vram_used_bytes=8040480768 sclk=2820 mclk=10251
sample_utc=2026-09-20T21:41:05Z affinity=0-11 nice=0 rss_kib=318196 peak_rss_kib=3178188 mem_available_kib=8980644 swapin_bytes=1376256 max_temp_millicelsius=78250 gpu_busy_percent=98 gtt_used_bytes=unavailable vram_used_bytes=8038383616 sclk=2820 mclk=10251
sample_utc=2026-09-20T21:41:06Z affinity=0-11 nice=0 rss_kib=318196 peak_rss_kib=3178188 mem_available_kib=8991376 swapin_bytes=3403776 max_temp_millicelsius=78375 gpu_busy_percent=98 gtt_used_bytes=unavailable vram_used_bytes=8038383616 sclk=2820 mclk=10251
sample_utc=2026-09-20T21:41:07Z affinity=0-11 nice=0 rss_kib=318200 peak_rss_kib=3178188 mem_available_kib=8990776 swapin_bytes=1044480 max_temp_millicelsius=78375 gpu_busy_percent=98 gtt_used_bytes=unavailable vram_used_bytes=8038383616 sclk=2820 mclk=10251
sample_utc=2026-09-20T21:41:08Z affinity=0-11 nice=0 rss_kib=318200 peak_rss_kib=3178188 mem_available_kib=8977252 swapin_bytes=1859584 max_temp_millicelsius=78250 gpu_busy_percent=98 gtt_used_bytes=unavailable vram_used_bytes=8038383616 sclk=2820 mclk=10251
sample_utc=2026-09-20T21:41:09Z affinity=0-11 nice=0 rss_kib=318200 peak_rss_kib=3178188 mem_available_kib=8976212 swapin_bytes=286720 max_temp_millicelsius=78250 gpu_busy_percent=98 gtt_used_bytes=unavailable vram_used_bytes=8032092160 sclk=2820 mclk=10251
sample_utc=2026-09-20T21:41:11Z affinity=0-11 nice=0 rss_kib=318204 peak_rss_kib=3178188 mem_available_kib=8931056 swapin_bytes=1744896 max_temp_millicelsius=79250 gpu_busy_percent=99 gtt_used_bytes=unavailable vram_used_bytes=8032092160 sclk=2820 mclk=10251
sample_utc=2026-09-20T21:41:12Z affinity=0-11 nice=0 rss_kib=318204 peak_rss_kib=3178188 mem_available_kib=8940360 swapin_bytes=1880064 max_temp_millicelsius=78250 gpu_busy_percent=99 gtt_used_bytes=unavailable vram_used_bytes=8032092160 sclk=2820 mclk=10251
sample_utc=2026-09-20T21:41:13Z affinity=0-11 nice=0 rss_kib=318208 peak_rss_kib=3178188 mem_available_kib=8937436 swapin_bytes=1351680 max_temp_millicelsius=78375 gpu_busy_percent=98 gtt_used_bytes=unavailable vram_used_bytes=8032092160 sclk=2820 mclk=10251
sample_utc=2026-09-20T21:41:14Z affinity=0-11 nice=0 rss_kib=318208 peak_rss_kib=3178188 mem_available_kib=8934348 swapin_bytes=585728 max_temp_millicelsius=78500 gpu_busy_percent=99 gtt_used_bytes=unavailable vram_used_bytes=8032092160 sclk=2820 mclk=10251
sample_utc=2026-09-20T21:41:15Z affinity=0-11 nice=0 rss_kib=318208 peak_rss_kib=3178188 mem_available_kib=8935288 swapin_bytes=315392 max_temp_millicelsius=78500 gpu_busy_percent=99 gtt_used_bytes=unavailable vram_used_bytes=8032092160 sclk=2820 mclk=10251
sample_utc=2026-09-20T21:41:16Z affinity=0-11 nice=0 rss_kib=318208 peak_rss_kib=3178188 mem_available_kib=8962732 swapin_bytes=3915776 max_temp_millicelsius=78500 gpu_busy_percent=99 gtt_used_bytes=unavailable vram_used_bytes=8032092160 sclk=2820 mclk=10251
sample_utc=2026-09-20T21:41:17Z affinity=0-11 nice=0 rss_kib=318208 peak_rss_kib=3178188 mem_available_kib=8959108 swapin_bytes=6434816 max_temp_millicelsius=78875 gpu_busy_percent=98 gtt_used_bytes=unavailable vram_used_bytes=8032092160 sclk=2820 mclk=10251
sample_utc=2026-09-20T21:41:18Z affinity=0-11 nice=0 rss_kib=318208 peak_rss_kib=3178188 mem_available_kib=8955592 swapin_bytes=4476928 max_temp_millicelsius=79000 gpu_busy_percent=99 gtt_used_bytes=unavailable vram_used_bytes=8032092160 sclk=2820 mclk=10251
sample_utc=2026-09-20T21:41:19Z affinity=0-11 nice=0 rss_kib=318208 peak_rss_kib=3178188 mem_available_kib=8937976 swapin_bytes=532480 max_temp_millicelsius=79000 gpu_busy_percent=98 gtt_used_bytes=unavailable vram_used_bytes=8032092160 sclk=2820 mclk=10251
sample_utc=2026-09-20T21:41:20Z affinity=0-11 nice=0 rss_kib=318212 peak_rss_kib=3178188 mem_available_kib=8940924 swapin_bytes=2576384 max_temp_millicelsius=78875 gpu_busy_percent=98 gtt_used_bytes=unavailable vram_used_bytes=8032092160 sclk=2820 mclk=10251
sample_utc=2026-09-20T21:41:22Z affinity=0-11 nice=0 rss_kib=318212 peak_rss_kib=3178188 mem_available_kib=8944984 swapin_bytes=671744 max_temp_millicelsius=78625 gpu_busy_percent=98 gtt_used_bytes=unavailable vram_used_bytes=8040480768 sclk=2820 mclk=10251
sample_utc=2026-09-20T21:41:23Z affinity=0-11 nice=0 rss_kib=318212 peak_rss_kib=3178188 mem_available_kib=8949068 swapin_bytes=212992 max_temp_millicelsius=78875 gpu_busy_percent=98 gtt_used_bytes=unavailable vram_used_bytes=8040480768 sclk=2820 mclk=10251
sample_utc=2026-09-20T21:41:24Z affinity=0-11 nice=0 rss_kib=318216 peak_rss_kib=3178188 mem_available_kib=8947788 swapin_bytes=1355776 max_temp_millicelsius=78875 gpu_busy_percent=98 gtt_used_bytes=unavailable vram_used_bytes=8039432192 sclk=2820 mclk=10251
sample_utc=2026-09-20T21:41:25Z affinity=0-11 nice=0 rss_kib=318216 peak_rss_kib=3178188 mem_available_kib=8949456 swapin_bytes=2412544 max_temp_millicelsius=78875 gpu_busy_percent=99 gtt_used_bytes=unavailable vram_used_bytes=8039432192 sclk=2820 mclk=10251
sample_utc=2026-09-20T21:41:26Z affinity=0-11 nice=0 rss_kib=318220 peak_rss_kib=3178188 mem_available_kib=8951968 swapin_bytes=258048 max_temp_millicelsius=78750 gpu_busy_percent=99 gtt_used_bytes=unavailable vram_used_bytes=8039432192 sclk=2820 mclk=10251
sample_utc=2026-09-20T21:41:27Z affinity=0-11 nice=0 rss_kib=318220 peak_rss_kib=3178188 mem_available_kib=8953528 swapin_bytes=348160 max_temp_millicelsius=78750 gpu_busy_percent=98 gtt_used_bytes=unavailable vram_used_bytes=8039432192 sclk=2820 mclk=10251
sample_utc=2026-09-20T21:41:28Z affinity=0-11 nice=0 rss_kib=318224 peak_rss_kib=3178188 mem_available_kib=8945820 swapin_bytes=2117632 max_temp_millicelsius=78750 gpu_busy_percent=98 gtt_used_bytes=unavailable vram_used_bytes=8033140736 sclk=2820 mclk=10251
sample_utc=2026-09-20T21:41:29Z affinity=0-11 nice=0 rss_kib=318228 peak_rss_kib=3178188 mem_available_kib=8957564 swapin_bytes=1531904 max_temp_millicelsius=78750 gpu_busy_percent=98 gtt_used_bytes=unavailable vram_used_bytes=8033140736 sclk=2820 mclk=10251
sample_utc=2026-09-20T21:41:30Z affinity=0-11 nice=0 rss_kib=318228 peak_rss_kib=3178188 mem_available_kib=8940248 swapin_bytes=5197824 max_temp_millicelsius=78625 gpu_busy_percent=98 gtt_used_bytes=unavailable vram_used_bytes=8033140736 sclk=2820 mclk=10251
sample_utc=2026-09-20T21:41:31Z affinity=0-11 nice=0 rss_kib=318236 peak_rss_kib=3178188 mem_available_kib=8936764 swapin_bytes=2285568 max_temp_millicelsius=78750 gpu_busy_percent=98 gtt_used_bytes=unavailable vram_used_bytes=8033140736 sclk=2820 mclk=10251
sample_utc=2026-09-20T21:41:33Z affinity=0-11 nice=0 rss_kib=318236 peak_rss_kib=3178188 mem_available_kib=8944688 swapin_bytes=634880 max_temp_millicelsius=78750 gpu_busy_percent=99 gtt_used_bytes=unavailable vram_used_bytes=8033140736 sclk=2820 mclk=10251
sample_utc=2026-09-20T21:41:34Z affinity=0-11 nice=0 rss_kib=318236 peak_rss_kib=3178188 mem_available_kib=8956648 swapin_bytes=1589248 max_temp_millicelsius=78750 gpu_busy_percent=98 gtt_used_bytes=unavailable vram_used_bytes=8033140736 sclk=2820 mclk=10251
sample_utc=2026-09-20T21:41:35Z affinity=0-11 nice=0 rss_kib=318244 peak_rss_kib=3178188 mem_available_kib=8952496 swapin_bytes=3588096 max_temp_millicelsius=80250 gpu_busy_percent=98 gtt_used_bytes=unavailable vram_used_bytes=8033140736 sclk=2820 mclk=10251
sample_utc=2026-09-20T21:41:36Z affinity=0-11 nice=0 rss_kib=318244 peak_rss_kib=3178188 mem_available_kib=8952828 swapin_bytes=3891200 max_temp_millicelsius=80250 gpu_busy_percent=98 gtt_used_bytes=unavailable vram_used_bytes=8033140736 sclk=2820 mclk=10251
sample_utc=2026-09-20T21:41:37Z affinity=0-11 nice=0 rss_kib=318244 peak_rss_kib=3178188 mem_available_kib=8953692 swapin_bytes=2174976 max_temp_millicelsius=78750 gpu_busy_percent=98 gtt_used_bytes=unavailable vram_used_bytes=8033140736 sclk=2820 mclk=10251
sample_utc=2026-09-20T21:41:38Z affinity=0-11 nice=0 rss_kib=318260 peak_rss_kib=3178188 mem_available_kib=8955172 swapin_bytes=258048 max_temp_millicelsius=78750 gpu_busy_percent=98 gtt_used_bytes=unavailable vram_used_bytes=8033140736 sclk=2820 mclk=10251
sample_utc=2026-09-20T21:41:39Z affinity=0-11 nice=0 rss_kib=318268 peak_rss_kib=3178188 mem_available_kib=8937400 swapin_bytes=1425408 max_temp_millicelsius=78750 gpu_busy_percent=98 gtt_used_bytes=unavailable vram_used_bytes=8033140736 sclk=2820 mclk=10251
sample_utc=2026-09-20T21:41:40Z affinity=0-11 nice=0 rss_kib=318276 peak_rss_kib=3178188 mem_available_kib=8927944 swapin_bytes=1736704 max_temp_millicelsius=78750 gpu_busy_percent=99 gtt_used_bytes=unavailable vram_used_bytes=8033140736 sclk=2820 mclk=10251
sample_utc=2026-09-20T21:41:41Z affinity=0-11 nice=0 rss_kib=318276 peak_rss_kib=3178188 mem_available_kib=8930768 swapin_bytes=172032 max_temp_millicelsius=78625 gpu_busy_percent=98 gtt_used_bytes=unavailable vram_used_bytes=8033140736 sclk=2820 mclk=10251
sample_utc=2026-09-20T21:41:42Z affinity=0-11 nice=0 rss_kib=318276 peak_rss_kib=3178188 mem_available_kib=8926788 swapin_bytes=839680 max_temp_millicelsius=78625 gpu_busy_percent=98 gtt_used_bytes=unavailable vram_used_bytes=8033140736 sclk=2820 mclk=10251
sample_utc=2026-09-20T21:41:44Z affinity=0-11 nice=0 rss_kib=318284 peak_rss_kib=3178188 mem_available_kib=8851960 swapin_bytes=29532160 max_temp_millicelsius=80750 gpu_busy_percent=98 gtt_used_bytes=unavailable vram_used_bytes=8033140736 sclk=2820 mclk=10251
sample_utc=2026-09-20T21:41:45Z affinity=0-11 nice=0 rss_kib=318292 peak_rss_kib=3178188 mem_available_kib=8731660 swapin_bytes=1466368 max_temp_millicelsius=79250 gpu_busy_percent=99 gtt_used_bytes=unavailable vram_used_bytes=8033140736 sclk=2820 mclk=10251
sample_utc=2026-09-20T21:41:46Z affinity=0-11 nice=0 rss_kib=318292 peak_rss_kib=3178188 mem_available_kib=8603384 swapin_bytes=4296704 max_temp_millicelsius=79750 gpu_busy_percent=98 gtt_used_bytes=unavailable vram_used_bytes=8033140736 sclk=2820 mclk=10251
sample_utc=2026-09-20T21:41:47Z affinity=0-11 nice=0 rss_kib=318300 peak_rss_kib=3178188 mem_available_kib=8516744 swapin_bytes=7966720 max_temp_millicelsius=80125 gpu_busy_percent=99 gtt_used_bytes=unavailable vram_used_bytes=8033140736 sclk=2820 mclk=10251
sample_utc=2026-09-20T21:41:48Z affinity=0-11 nice=0 rss_kib=318300 peak_rss_kib=3178188 mem_available_kib=8426624 swapin_bytes=872448 max_temp_millicelsius=81750 gpu_busy_percent=98 gtt_used_bytes=unavailable vram_used_bytes=8033140736 sclk=2820 mclk=10251
sample_utc=2026-09-20T21:41:49Z affinity=0-11 nice=0 rss_kib=318300 peak_rss_kib=3178188 mem_available_kib=8348844 swapin_bytes=26816512 max_temp_millicelsius=80250 gpu_busy_percent=98 gtt_used_bytes=unavailable vram_used_bytes=8033140736 sclk=2820 mclk=10251
sample_utc=2026-09-20T21:41:50Z affinity=0-11 nice=0 rss_kib=318300 peak_rss_kib=3178188 mem_available_kib=8156576 swapin_bytes=123748352 max_temp_millicelsius=80375 gpu_busy_percent=98 gtt_used_bytes=unavailable vram_used_bytes=8033140736 sclk=2820 mclk=10251
sample_utc=2026-09-20T21:41:51Z affinity=0-11 nice=0 rss_kib=318656 peak_rss_kib=3178188 mem_available_kib=8584992 swapin_bytes=84672512 max_temp_millicelsius=80250 gpu_busy_percent=98 gtt_used_bytes=unavailable vram_used_bytes=8033140736 sclk=2820 mclk=10251
sample_utc=2026-09-20T21:41:52Z affinity=0-11 nice=0 rss_kib=318656 peak_rss_kib=3178188 mem_available_kib=8584732 swapin_bytes=176128 max_temp_millicelsius=80125 gpu_busy_percent=99 gtt_used_bytes=unavailable vram_used_bytes=8033140736 sclk=2820 mclk=10251
sample_utc=2026-09-20T21:41:53Z affinity=0-11 nice=0 rss_kib=318656 peak_rss_kib=3178188 mem_available_kib=8591836 swapin_bytes=409600 max_temp_millicelsius=80125 gpu_busy_percent=99 gtt_used_bytes=unavailable vram_used_bytes=8033140736 sclk=2820 mclk=10251
sample_utc=2026-09-20T21:41:55Z affinity=0-11 nice=0 rss_kib=318664 peak_rss_kib=3178188 mem_available_kib=8642140 swapin_bytes=335872 max_temp_millicelsius=79625 gpu_busy_percent=98 gtt_used_bytes=unavailable vram_used_bytes=8033140736 sclk=2820 mclk=10251
sample_utc=2026-09-20T21:41:56Z affinity=0-11 nice=0 rss_kib=318664 peak_rss_kib=3178188 mem_available_kib=8654752 swapin_bytes=655360 max_temp_millicelsius=80500 gpu_busy_percent=99 gtt_used_bytes=unavailable vram_used_bytes=8033140736 sclk=2820 mclk=10251
sample_utc=2026-09-20T21:41:57Z affinity=0-11 nice=0 rss_kib=318664 peak_rss_kib=3178188 mem_available_kib=8661544 swapin_bytes=40816640 max_temp_millicelsius=79375 gpu_busy_percent=98 gtt_used_bytes=unavailable vram_used_bytes=8033140736 sclk=2820 mclk=10251
sample_utc=2026-09-20T21:41:58Z affinity=0-11 nice=0 rss_kib=318668 peak_rss_kib=3178188 mem_available_kib=8644920 swapin_bytes=856064 max_temp_millicelsius=79375 gpu_busy_percent=98 gtt_used_bytes=unavailable vram_used_bytes=8033140736 sclk=2820 mclk=10251
sample_utc=2026-09-20T21:41:59Z affinity=0-11 nice=0 rss_kib=318668 peak_rss_kib=3178188 mem_available_kib=8642676 swapin_bytes=749568 max_temp_millicelsius=79125 gpu_busy_percent=96 gtt_used_bytes=unavailable vram_used_bytes=8033140736 sclk=2820 mclk=10251
sample_utc=2026-09-20T21:42:00Z affinity=0-11 nice=0 rss_kib=318672 peak_rss_kib=3178188 mem_available_kib=8639752 swapin_bytes=258048 max_temp_millicelsius=79125 gpu_busy_percent=98 gtt_used_bytes=unavailable vram_used_bytes=8033140736 sclk=2820 mclk=10251
sample_utc=2026-09-20T21:42:01Z affinity=0-11 nice=0 rss_kib=318672 peak_rss_kib=3178188 mem_available_kib=8641572 swapin_bytes=1355776 max_temp_millicelsius=79000 gpu_busy_percent=98 gtt_used_bytes=unavailable vram_used_bytes=8033140736 sclk=2820 mclk=10251
sample_utc=2026-09-20T21:42:02Z affinity=0-11 nice=0 rss_kib=318672 peak_rss_kib=3178188 mem_available_kib=8642672 swapin_bytes=487424 max_temp_millicelsius=80000 gpu_busy_percent=98 gtt_used_bytes=unavailable vram_used_bytes=8033140736 sclk=2820 mclk=10251
sample_utc=2026-09-20T21:42:03Z affinity=0-11 nice=0 rss_kib=318676 peak_rss_kib=3178188 mem_available_kib=8654592 swapin_bytes=196608 max_temp_millicelsius=78875 gpu_busy_percent=98 gtt_used_bytes=unavailable vram_used_bytes=8033140736 sclk=2820 mclk=10251
sample_utc=2026-09-20T21:42:04Z affinity=0-11 nice=0 rss_kib=318676 peak_rss_kib=3178188 mem_available_kib=8626176 swapin_bytes=2412544 max_temp_millicelsius=79250 gpu_busy_percent=98 gtt_used_bytes=unavailable vram_used_bytes=8033140736 sclk=2820 mclk=10251
sample_utc=2026-09-20T21:42:06Z affinity=0-11 nice=0 rss_kib=318676 peak_rss_kib=3178188 mem_available_kib=8621608 swapin_bytes=1601536 max_temp_millicelsius=79250 gpu_busy_percent=98 gtt_used_bytes=unavailable vram_used_bytes=8063549440 sclk=2820 mclk=10251
sample_utc=2026-09-20T21:42:07Z affinity=0-11 nice=0 rss_kib=318676 peak_rss_kib=3178188 mem_available_kib=8617824 swapin_bytes=1064960 max_temp_millicelsius=79250 gpu_busy_percent=98 gtt_used_bytes=unavailable vram_used_bytes=8063549440 sclk=2820 mclk=10251
sample_utc=2026-09-20T21:42:08Z affinity=0-11 nice=0 rss_kib=318676 peak_rss_kib=3178188 mem_available_kib=8609520 swapin_bytes=4079616 max_temp_millicelsius=79125 gpu_busy_percent=98 gtt_used_bytes=unavailable vram_used_bytes=8058306560 sclk=2820 mclk=10251
sample_utc=2026-09-20T21:42:09Z affinity=0-11 nice=0 rss_kib=318676 peak_rss_kib=3178188 mem_available_kib=8596544 swapin_bytes=192512 max_temp_millicelsius=79125 gpu_busy_percent=98 gtt_used_bytes=unavailable vram_used_bytes=8058306560 sclk=2820 mclk=10251
sample_utc=2026-09-20T21:42:10Z affinity=0-11 nice=0 rss_kib=318676 peak_rss_kib=3178188 mem_available_kib=8598472 swapin_bytes=1236992 max_temp_millicelsius=79125 gpu_busy_percent=98 gtt_used_bytes=unavailable vram_used_bytes=8058306560 sclk=2820 mclk=10251
sample_utc=2026-09-20T21:42:11Z affinity=0-11 nice=0 rss_kib=318676 peak_rss_kib=3178188 mem_available_kib=8598800 swapin_bytes=3870720 max_temp_millicelsius=79125 gpu_busy_percent=99 gtt_used_bytes=unavailable vram_used_bytes=8033140736 sclk=2820 mclk=10251
sample_utc=2026-09-20T21:42:12Z affinity=0-11 nice=0 rss_kib=318676 peak_rss_kib=3178188 mem_available_kib=8595680 swapin_bytes=1335296 max_temp_millicelsius=79500 gpu_busy_percent=98 gtt_used_bytes=unavailable vram_used_bytes=8033140736 sclk=2820 mclk=10251
sample_utc=2026-09-20T21:42:13Z affinity=0-11 nice=0 rss_kib=318676 peak_rss_kib=3178188 mem_available_kib=8581940 swapin_bytes=229376 max_temp_millicelsius=79250 gpu_busy_percent=98 gtt_used_bytes=unavailable vram_used_bytes=8033140736 sclk=2820 mclk=10251
sample_utc=2026-09-20T21:42:14Z affinity=0-11 nice=0 rss_kib=318676 peak_rss_kib=3178188 mem_available_kib=8582504 swapin_bytes=229376 max_temp_millicelsius=79250 gpu_busy_percent=98 gtt_used_bytes=unavailable vram_used_bytes=8063549440 sclk=2820 mclk=10251
sample_utc=2026-09-20T21:42:15Z affinity=0-11 nice=0 rss_kib=318676 peak_rss_kib=3178188 mem_available_kib=8556380 swapin_bytes=413696 max_temp_millicelsius=79250 gpu_busy_percent=99 gtt_used_bytes=unavailable vram_used_bytes=8057257984 sclk=2820 mclk=10251
sample_utc=2026-09-20T21:42:17Z affinity=0-11 nice=0 rss_kib=318676 peak_rss_kib=3178188 mem_available_kib=8548300 swapin_bytes=139264 max_temp_millicelsius=79250 gpu_busy_percent=98 gtt_used_bytes=unavailable vram_used_bytes=8057257984 sclk=2820 mclk=10251
sample_utc=2026-09-20T21:42:18Z affinity=0-11 nice=0 rss_kib=318676 peak_rss_kib=3178188 mem_available_kib=8570736 swapin_bytes=282624 max_temp_millicelsius=79500 gpu_busy_percent=99 gtt_used_bytes=unavailable vram_used_bytes=8057257984 sclk=2820 mclk=10251
sample_utc=2026-09-20T21:42:19Z affinity=0-11 nice=0 rss_kib=318676 peak_rss_kib=3178188 mem_available_kib=8576824 swapin_bytes=114688 max_temp_millicelsius=79500 gpu_busy_percent=99 gtt_used_bytes=unavailable vram_used_bytes=8032092160 sclk=2820 mclk=10251
sample_utc=2026-09-20T21:42:20Z affinity=0-11 nice=0 rss_kib=318676 peak_rss_kib=3178188 mem_available_kib=8567968 swapin_bytes=245760 max_temp_millicelsius=79500 gpu_busy_percent=98 gtt_used_bytes=unavailable vram_used_bytes=8040480768 sclk=2820 mclk=10251
sample_utc=2026-09-20T21:42:21Z affinity=0-11 nice=0 rss_kib=318684 peak_rss_kib=3178188 mem_available_kib=8568784 swapin_bytes=581632 max_temp_millicelsius=79375 gpu_busy_percent=98 gtt_used_bytes=unavailable vram_used_bytes=8038383616 sclk=2820 mclk=10251
sample_utc=2026-09-20T21:42:22Z affinity=0-11 nice=0 rss_kib=318684 peak_rss_kib=3178188 mem_available_kib=8567900 swapin_bytes=106496 max_temp_millicelsius=79375 gpu_busy_percent=98 gtt_used_bytes=unavailable vram_used_bytes=8038383616 sclk=2820 mclk=10251
sample_utc=2026-09-20T21:42:23Z affinity=0-11 nice=0 rss_kib=318684 peak_rss_kib=3178188 mem_available_kib=8573212 swapin_bytes=143360 max_temp_millicelsius=79250 gpu_busy_percent=98 gtt_used_bytes=unavailable vram_used_bytes=8038383616 sclk=2820 mclk=10251
sample_utc=2026-09-20T21:42:24Z affinity=0-11 nice=0 rss_kib=318684 peak_rss_kib=3178188 mem_available_kib=8576520 swapin_bytes=1638400 max_temp_millicelsius=79250 gpu_busy_percent=98 gtt_used_bytes=unavailable vram_used_bytes=8038383616 sclk=2820 mclk=10251
sample_utc=2026-09-20T21:42:25Z affinity=0-11 nice=0 rss_kib=318692 peak_rss_kib=3178188 mem_available_kib=8575900 swapin_bytes=135168 max_temp_millicelsius=79125 gpu_busy_percent=98 gtt_used_bytes=unavailable vram_used_bytes=8032092160 sclk=2820 mclk=10251
sample_utc=2026-09-20T21:42:26Z affinity=0-11 nice=0 rss_kib=318696 peak_rss_kib=3178188 mem_available_kib=8575856 swapin_bytes=561152 max_temp_millicelsius=79125 gpu_busy_percent=98 gtt_used_bytes=unavailable vram_used_bytes=8032092160 sclk=2820 mclk=10251
sample_utc=2026-09-20T21:42:27Z affinity=0-11 nice=0 rss_kib=355724 peak_rss_kib=3178188 mem_available_kib=8726220 swapin_bytes=22380544 max_temp_millicelsius=78875 gpu_busy_percent=9 gtt_used_bytes=unavailable vram_used_bytes=2650800128 sclk=2835 mclk=10251
