test_destroy_child_does_not_inherit_drain_lock (__main__.DrainFailureBoundaries.test_destroy_child_does_not_inherit_drain_lock) ... FAIL
test_expired_drain_keeps_admission_closed (__main__.DrainFailureBoundaries.test_expired_drain_keeps_admission_closed) ... FAIL
test_failed_destroy_keeps_admission_closed (__main__.DrainFailureBoundaries.test_failed_destroy_keeps_admission_closed) ... FAIL
test_resume_refuses_while_work_remains (__main__.DrainFailureBoundaries.test_resume_refuses_while_work_remains) ... FAIL
test_second_read_failure_closes_acquired_share (__main__.DrainFailureBoundaries.test_second_read_failure_closes_acquired_share) ... ok
test_share_is_non_inheritable_with_close_fds_disabled (__main__.DrainFailureBoundaries.test_share_is_non_inheritable_with_close_fds_disabled) ... ok
test_state_transition_preserves_locked_inode (__main__.DrainFailureBoundaries.test_state_transition_preserves_locked_inode) ... ok
test_unlock_failure_still_closes_descriptor (__main__.DrainFailureBoundaries.test_unlock_failure_still_closes_descriptor) ... ok

======================================================================
FAIL: test_destroy_child_does_not_inherit_drain_lock (__main__.DrainFailureBoundaries.test_destroy_child_does_not_inherit_drain_lock)
----------------------------------------------------------------------
Traceback (most recent call last):
  File "$FIXTURE/test-drain-failure-boundaries.py", line 130, in test_destroy_child_does_not_inherit_drain_lock
    self.assertIn("inherited=0", result.stdout)
    ~~~~~~~~~~~~~^^^^^^^^^^^^^^^^^^^^^^^^^^^^^^
AssertionError: 'inherited=0' not found in 'drain\tseq=1\tmonotonic_ms=588794250\tstate=running\tretire_begin\ndrain\tseq=2\tmonotonic_ms=588794260\tstate=quiescing\tadmission_closed state=quiescing\ndrain\tseq=3\tmonotonic_ms=588794260\tstate=draining\tdrained waited_ms=0\ndrain\tseq=4\tmonotonic_ms=588794270\tstate=ready_to_destroy\tstate=quiescing inflight=none\ninherited=1\ndrain\tseq=5\tmonotonic_ms=588794300\tstate=destroying\tdestroy_status=0\ndrain\tseq=6\tmonotonic_ms=588794300\tstate=stopped\tshutdown_mode=orderly orderly_drain=completed teardown_exclusion=orderly\nshutdown_mode=orderly\norderly_drain=completed\nteardown_exclusion=orderly\n'

======================================================================
FAIL: test_expired_drain_keeps_admission_closed (__main__.DrainFailureBoundaries.test_expired_drain_keeps_admission_closed)
----------------------------------------------------------------------
Traceback (most recent call last):
  File "$FIXTURE/test-drain-failure-boundaries.py", line 53, in test_expired_drain_keeps_admission_closed
    self.assertEqual(self.state.read_text().strip(), "quiescing")
    ~~~~~~~~~~~~~~~~^^^^^^^^^^^^^^^^^^^^^^^^^^^^^^^^^^^^^^^^^^^^^
AssertionError: 'running' != 'quiescing'
- running
+ quiescing


======================================================================
FAIL: test_failed_destroy_keeps_admission_closed (__main__.DrainFailureBoundaries.test_failed_destroy_keeps_admission_closed)
----------------------------------------------------------------------
Traceback (most recent call last):
  File "$FIXTURE/test-drain-failure-boundaries.py", line 44, in test_failed_destroy_keeps_admission_closed
    self.assertEqual(self.state.read_text().strip(), "quiescing")
    ~~~~~~~~~~~~~~~~^^^^^^^^^^^^^^^^^^^^^^^^^^^^^^^^^^^^^^^^^^^^^
AssertionError: 'running' != 'quiescing'
- running
+ quiescing


======================================================================
FAIL: test_resume_refuses_while_work_remains (__main__.DrainFailureBoundaries.test_resume_refuses_while_work_remains)
----------------------------------------------------------------------
Traceback (most recent call last):
  File "$FIXTURE/test-drain-failure-boundaries.py", line 59, in test_resume_refuses_while_work_remains
    self.assertNotEqual(result.returncode, 0, result.stdout)
    ~~~~~~~~~~~~~~~~~~~^^^^^^^^^^^^^^^^^^^^^^^^^^^^^^^^^^^^^
AssertionError: 0 == 0 : barrier_state	running


----------------------------------------------------------------------
Ran 8 tests in 0.207s

FAILED (failures=4)
