device_name=AMD Radeon Graphics (RADV RAVEN2)
device_vendor=0x1002
device_id=0x15d8
heap_0_size_bytes=5956993024
heap_0_budget_bytes=5536276480
heap_0_usage_bytes=0
heap_0_available_bytes=5536276480
heap_0_flags=0x0
heap_1_size_bytes=11913986048
heap_1_budget_bytes=11072548864
heap_1_usage_bytes=0
heap_1_available_bytes=11072548864
heap_1_flags=0x1
aggregate_budget_bytes=16608825344
aggregate_usage_bytes=0
aggregate_available_bytes=16608825344
model_bytes=10934860704
mem_available_bytes=15480442880
required_host_bytes=27040988064
desktop_reserve_bytes=4294967296
required_vulkan_bytes=11811160064
vulkan_margin_bytes=536870912
required_vulkan_with_margin_bytes=12348030976
swap_used_bytes=9173069824
host_memory_gate=reject
vulkan_budget_gate=accept
model_memory_preflight=reject
exit_status=3
