row=screen-01 category=screen served=lfm25-vl-450m passed=True truncated=False reason=found 9.9, want 9.9
row=screen-02 category=screen served=lfm25-vl-450m passed=False truncated=False reason=missing 45
row=screen-03 category=screen served=lfm25-vl-450m passed=False truncated=False reason=found 15.0, want 30.0
row=screen-04 category=screen served=lfm25-vl-450m passed=True truncated=False reason=all present
row=screen-05 category=screen served=lfm25-vl-450m passed=False truncated=False reason=found 57.0, want 59.5
row=arith-01 category=arithmetic served=lfm25-vl-450m passed=False truncated=False reason=found 3112.0, want 3168.0
row=arith-02 category=arithmetic served=lfm25-vl-450m passed=False truncated=False reason=found 10.0, want 17.0
row=arith-03 category=arithmetic served=lfm25-vl-450m passed=True truncated=False reason=found 0.375, want 0.375
row=arith-04 category=arithmetic served=lfm25-vl-450m passed=False truncated=False reason=found 250.0, want 2540.0
row=arith-05 category=arithmetic served=lfm25-vl-450m passed=False truncated=False reason=found 37.8, want 37.0
row=arith-06 category=arithmetic served=lfm25-vl-450m passed=False truncated=False reason=found 4.0, want -11.0
row=arith-07 category=arithmetic served=lfm25-vl-450m passed=True truncated=False reason=found 1024.0, want 1024.0
row=arith-08 category=arithmetic served=lfm25-vl-450m passed=True truncated=False reason=found 0.08, want 0.08
row=arith-09 category=arithmetic served=lfm25-vl-450m passed=False truncated=False reason=found 24.0, want 86400.0
row=arith-10 category=arithmetic served=lfm25-vl-450m passed=False truncated=False reason=found 5.5, want 4.5
row=word-01 category=word_problem served=lfm25-vl-450m passed=False truncated=False reason=found 0.4, want 20.0
row=word-02 category=word_problem served=lfm25-vl-450m passed=False truncated=False reason=found -48.0, want 48.0
row=word-03 category=word_problem served=lfm25-vl-450m passed=False truncated=False reason=found 80.0, want 100.0
row=word-04 category=word_problem served=lfm25-vl-450m passed=True truncated=False reason=found 150.0, want 150.0
row=word-05 category=word_problem served=lfm25-vl-450m passed=False truncated=False reason=found 3.0, want 9.0
row=word-06 category=word_problem served=lfm25-vl-450m passed=False truncated=False reason=found 32.0, want 64.0
row=word-07 category=word_problem served=lfm25-vl-450m passed=True truncated=False reason=found 70.0, want 70.0
row=word-08 category=word_problem served=lfm25-vl-450m passed=False truncated=False reason=found 30.0, want 26.0
row=word-09 category=word_problem served=lfm25-vl-450m passed=True truncated=False reason=found 12.0, want 12.0
row=word-10 category=word_problem served=lfm25-vl-450m passed=False truncated=False reason=found 2400.0, want 2640.0
row=code-01 category=code served=lfm25-vl-450m passed=False truncated=False reason=none of off-by-one|<=|less than or equal|one past
row=code-02 category=code served=lfm25-vl-450m passed=True truncated=False reason=matched free
row=code-03 category=code served=lfm25-vl-450m passed=False truncated=False reason=none of null|null|return value|check
row=code-04 category=code served=lfm25-vl-450m passed=False truncated=False reason=none of sizeof|strlen|null terminator|nul|overflow
row=code-05 category=code served=lfm25-vl-450m passed=False truncated=False reason=none of eintr|interrupt|partial|short read|loop
row=code-06 category=code served=lfm25-vl-450m passed=True truncated=False reason=matched local
row=code-07 category=code served=lfm25-vl-450m passed=False truncated=False reason=none of &n|address|ampersand|pointer
row=code-08 category=code served=lfm25-vl-450m passed=False truncated=False reason=none of race|atomic|signal|volatile|async-signal
row=code-09 category=code served=lfm25-vl-450m passed=True truncated=False reason=matched fork
row=code-10 category=code served=lfm25-vl-450m passed=False truncated=False reason=none of integer overflow|overflow|wrap|signed
row=fmt-01 category=format served=lfm25-vl-450m passed=False truncated=False reason=not JSON: Expecting value: line 1 column 1 (char 0)
row=fmt-02 category=format served=lfm25-vl-450m passed=False truncated=False reason=not JSON: Expecting value: line 1 column 1 (char 0)
row=fmt-03 category=format served=lfm25-vl-450m passed=False truncated=False reason=not JSON: Expecting value: line 1 column 1 (char 0)
row=fmt-04 category=format served=lfm25-vl-450m passed=True truncated=False reason=pattern matched
row=fmt-05 category=format served=lfm25-vl-450m passed=False truncated=False reason=pattern did not match
row=fmt-06 category=format served=lfm25-vl-450m passed=True truncated=False reason=pattern matched
row=fmt-07 category=format served=lfm25-vl-450m passed=False truncated=False reason=not JSON: Expecting value: line 1 column 1 (char 0)
row=fmt-08 category=format served=lfm25-vl-450m passed=False truncated=False reason=pattern did not match
row=fmt-09 category=format served=lfm25-vl-450m passed=True truncated=False reason=all present
row=fmt-10 category=format served=lfm25-vl-450m passed=True truncated=False reason=pattern matched
row=ctx-01 category=long_context served=lfm25-vl-450m passed=True truncated=False reason=all present
row=ctx-02 category=long_context served=lfm25-vl-450m passed=True truncated=False reason=all present
row=ctx-03 category=long_context served=lfm25-vl-450m passed=True truncated=False reason=found 31.0, want 31.0
row=ctx-04 category=long_context served=lfm25-vl-450m passed=True truncated=False reason=all present
row=ctx-05 category=long_context served=lfm25-vl-450m passed=True truncated=False reason=found 1962.0, want 1962.0
row=term-01 category=termination served=lfm25-vl-450m passed=True truncated=False reason=answered
row=term-02 category=termination served=lfm25-vl-450m passed=True truncated=False reason=answered
row=term-03 category=termination served=lfm25-vl-450m passed=True truncated=False reason=answered
row=term-04 category=termination served=lfm25-vl-450m passed=True truncated=False reason=answered
row=term-05 category=termination served=lfm25-vl-450m passed=True truncated=False reason=answered
row=vis-01 category=vision served=lfm25-vl-450m passed=True truncated=False reason=all present
row=vis-02 category=vision served=lfm25-vl-450m passed=False truncated=False reason=found 5.0, want 3.0
row=vis-03 category=vision served=lfm25-vl-450m passed=False truncated=False reason=missing jun
row=vis-04 category=vision served=lfm25-vl-450m passed=False truncated=False reason=found 7.0, want 150.0
row=vis-05 category=vision served=lfm25-vl-450m passed=False truncated=False reason=found 42.0, want 735.0
row=vis-06 category=vision served=lfm25-vl-450m passed=False truncated=False reason=missing tromso
row=vis-07 category=vision served=lfm25-vl-450m passed=False truncated=False reason=missing outlet
row=vis-08 category=vision served=lfm25-vl-450m passed=False truncated=False reason=missing kj7-2r4m
row=vis-09 category=vision served=lfm25-vl-450m passed=False truncated=False reason=found 1.0, want 274.0
row=vis-10 category=vision served=lfm25-vl-450m passed=False truncated=False reason=found 1.0, want 2.0
row=tool-01 category=tool served=None passed=False truncated=False reason=HTTP Error 400: Bad Request
row=tool-02 category=tool served=None passed=False truncated=False reason=HTTP Error 400: Bad Request
row=tool-03 category=tool served=None passed=False truncated=False reason=HTTP Error 400: Bad Request
row=tool-04 category=tool served=lfm25-vl-450m passed=False truncated=False reason=arguments disagree with multiply:left=47|right=89
row=tool-05 category=tool served=None passed=False truncated=False reason=HTTP Error 400: Bad Request
row=tool-06 category=tool served=None passed=False truncated=False reason=HTTP Error 400: Bad Request
row=tool-07 category=tool served=None passed=False truncated=False reason=HTTP Error 400: Bad Request
row=tool-08 category=tool served=None passed=False truncated=False reason=HTTP Error 400: Bad Request
row=tool-09 category=tool served=None passed=False truncated=False reason=HTTP Error 400: Bad Request
row=tool-10 category=tool served=None passed=False truncated=False reason=HTTP Error 400: Bad Request
row=photo-01 category=photo served=lfm25-vl-450m passed=False truncated=False reason=none of zebra|equus
row=photo-02 category=photo served=lfm25-vl-450m passed=True truncated=False reason=found 1.0, want 1.0
row=photo-03 category=photo served=lfm25-vl-450m passed=True truncated=False reason=matched stripe
row=photo-04 category=photo served=lfm25-vl-450m passed=False truncated=False reason=missing white
row=photo-05 category=photo served=lfm25-vl-450m passed=False truncated=False reason=none of grass|savanna|savannah|grassland|field
row=photo-06 category=photo served=lfm25-vl-450m passed=True truncated=False reason=pattern matched
row=photo-07 category=photo served=lfm25-vl-450m passed=False truncated=False reason=pattern did not match
row=photo-08 category=photo served=lfm25-vl-450m passed=False truncated=False reason=pattern did not match
row=photo-09 category=photo served=lfm25-vl-450m passed=True truncated=False reason=pattern matched
category=arithmetic passed=3/10 truncated=0 empty=0
category=code passed=3/10 truncated=0 empty=0
category=format passed=4/10 truncated=0 empty=0
category=long_context passed=5/5 truncated=0 empty=0
category=photo passed=4/9 truncated=0 empty=0
category=screen passed=2/5 truncated=0 empty=0
category=termination passed=5/5 truncated=0 empty=0
category=tool passed=0/10 truncated=0 empty=9
category=vision passed=1/10 truncated=0 empty=0
category=word_problem passed=3/10 truncated=0 empty=0
tool_stages rows=10 called=1 parsed=10 names=3 arguments=2
served_models=lfm25-vl-450m requested_model=lfm25-vl-450m
quality_suite=failed passed=30/84 completion_rate=0.893 empty_answer_rate=0.107 transport_errors=9 attribution_failures=0 wall_seconds=3.7
