device_name=AMD Radeon Graphics (RADV RAVEN2)
device_vendor=0x1002
device_id=0x15d8
heap_0_size_bytes=5956993024
heap_0_budget_bytes=5533659136
heap_0_usage_bytes=0
heap_0_available_bytes=5533659136
heap_0_flags=0x0
heap_1_size_bytes=11913986048
heap_1_budget_bytes=11067310080
heap_1_usage_bytes=0
heap_1_available_bytes=11067310080
heap_1_flags=0x1
aggregate_budget_bytes=16600969216
aggregate_usage_bytes=0
aggregate_available_bytes=16600969216
model_bytes=2740937888
mem_available_bytes=15186825216
required_host_bytes=12404614304
desktop_reserve_bytes=4294967296
required_vulkan_bytes=5368709120
vulkan_margin_bytes=536870912
required_vulkan_with_margin_bytes=5905580032
swap_used_bytes=8087269376
host_memory_gate=accept
vulkan_budget_gate=accept
model_memory_preflight=accept
0.01.071.679 I load_tensors:      Vulkan0 model buffer size =  2603.50 MiB
0.04.113.315 I llama_kv_cache:    Vulkan0 KV buffer size =   832.00 MiB
0.04.325.481 I sched_reserve:    Vulkan0 compute buffer size =    33.52 MiB
0.05.508.682 I srv  llama_server: model loaded
0.05.508.684 I srv  llama_server: listening on http://127.0.0.1:18089
capacity_allocation_smoke=accepted context_size=65536 required_vulkan_mib=5120
